0000005275 ; FERNANDO PRIETO GRANDA                   ; C/ MARIANO DE LOS COBOS, 6, 1A                         ; VALLADOLID                             ; 47014  ; VALLADOLID                     ;         21 ; 2100 ; 2195 ; 14 ; 0100091884 ;                                        
0000001049 ; ANACLETO AGENTE SECRETO                  ; C/ MARIANO DE LOS COB1S, 6, 1A                         ; VALLADOLID                             ; 47014  ; VALLADOLID                     ;         21 ; 2200 ; 2195 ; 14 ; 0100091884 ;                                        
0000005276 ; FERNANDO PRIET1 GRANDA                   ; C/ MARIANO DE LOS COB2S, 6, 1A                         ; VALLADOLID                             ; 47014  ; VALLADOLID                     ;         21 ; 2300 ; 2195 ; 14 ; 0100091884 ;                                        
0000005277 ; FERNANDO PRIET2 GRANDA                   ; C/ MARIANO DE LOS COB3S, 6, 1A                         ; VALLADOLID                             ; 47014  ; VALLADOLID                     ;         21 ; 2400 ; 2195 ; 14 ; 0100091884 ;                                        
0000005275 ; FERNANDO PRIET3 GRANDA                   ; C/ MARIANO DE LOS COB4S, 6, 1A                         ; VALLADOLID                             ; 47014  ; VALLADOLID                     ;         21 ; 2500 ; 2195 ; 14 ; 0100091884 ;                                        
0000007580 ; BOND JAMES BONDS                         ; C/ MARIANO DE LOS COB5S, 6, 1A                         ; VALLADOLID                             ; 47014  ; VALLADOLID                     ;         21 ; 2600 ; 2195 ; 14 ; 0100091884 ;                                        
